vVW/ZqjQrBOspTxSA3uWSaK6fAoq+ZmDq9ORmGd+jS8jziXE81Q52opDobMia2DWaC8Wb2YijgDmOh9daYVDy6FGPukaXYOB+6vf/pbNqhoxYW14BGzZULb8BNNIIPgCWittNCp+T3m38+rku0GV52R0G4F79B8zyn4lCMn639W/sNcrJDPysbypyw==
/26S/V/DcdijYGCLFqZTvjAaTy/e2QC91MouqagsOIT6VrGr9b21Yfij8I9mJvNsZNK62MUmrjVChOY5In2rkfOr1+6+7ZLK6aGViNzMceA+fIyjIECgsuLrteTSnqdpv/Pi9NMh7bc8NKMxoxT3w0L+rbhhWoelx/CPexwT2qG0qcM=
ijUmNc8XPA5fzsz5PBqwHpObfxYlq3jof/29q1sf4EzxJO1JMAg+X2dB/fCSeYqfK+2MmQMgLOfd76mCPXk0QXbIrnKjNEUWm78HFTcFsrMbSAauQbhu8vBMd+5MMSjUbN3gVdnFWSt9uszFUC5j8f+MPgTDdHRchneSyMJ2CPv/gFA2VX2Vs0hgIQnv03akSfXBHMUXyF7nrFOSZSGtoIWf3ruo9Z6p6Q==
4SvldiXcpGWTkfo91Sfwjqc8o8LyeLSzEnqX53bs8abp7Ce/66rYzYpSwstiN1JGoieD9TxDm5nBGi9Ma+rUjdmr7M6JoLrXwHDuMWyhiQNkiWQ1M3AmCUJ2t2ATf25AtXQxu7w2o0j4Fi2tDmByop5OUzAIapnn7ytfS6k+
C5Z7u6cI6w8rlg+PdNwSP2KWq/ncGEYCSRxsifk2oei7CXx7woNzMvYYGUI5KO+Ly5/QyZo2qr8iQzoiMqMLQZz3U10R/se4ax48aQlvJHopFDJTUBSGRSzV4Wd0jWwBE0TuzZKSX5STi4akZbD5j5wCq0zockXZThQaxg7K24So3lEjP8+3v6nK
8SyqysWkHLXMiPygFa8URmKWq/ncGEYCSRxsifk2oei7GHR1xIxyYPYYGUI5KO+Ly5DQyZo2qr8iQzoiMqMLQZz3U10R/se4ax48aQlvJHopFDJTUBSGRSzV4Wd0jWwBE0TuzZKSX5STi4akZbD5j5wCq0zockXZThQaxg7K24So3lEjP8+3v6nK
1DA0FpBDhwjKqDI/EN+SxMwjETBLwNMbMbLerdPqjHyNYYi+wsLj3cwcblYNWMpLaZbivtoMORbGiY70doyxBmkM55/rxZhtCrIC62IXEiYih0MVPGPb+UG676xrChQtWcus7olAendAEK4RbIFJ4+QpJFUzUObpwtb3ABMfLuA1lPGbvFbj6Hj27Y0OQDLCHu6T0AhK2Ydvi5+rqd4=
OiRoGibZs7wszss3ExK6yF8kLBlgNJPxrewOUdQyX0GSFE/yaoTBFvv/p5WXRdKz849kLuF4TvKQjJdu7HEI1EydgNU5BXkrXXosRTBuQ/HfzJ6EI7QUXKa3Mkiituj7n8DwtvU99bOooIGJTxOWpCm1IZxlV+heB+wzEsXhjaClXz47yLW+qck=
u+CYX4GhBRufV/BcyHC92onoNhVEqiwVBGUORgpFIigvxlMcV60XFEMyruR2nJH2qVyHL2s9OT1KguL7YgdyFuJX42W80zspAcrPvGsaNF0ZG0xeCTDap4AgzgFskanTpHmEpbPghrkCJtcQEw8OEPXEkSs8pkO4OMYNnQ5QUvLePjOgiPo5Vy/7v7upzg==
/XrCoHDwZ/MXzA6G4pc1LP+pdho28ZrQsdGPiHQ5kQwjwyWrlTpQwINWubsdXU2xIGNDOz5GmxzsUjJobYZ2xbpEPukaXYOB+6vf/pbNqhoxYW14BGzZULb8BNNIIPgCWittNCp+T3m38+rku0GV52R0G4F79B8zyn4lCMn639W/sNcrJDPysbypyw==
wG3H1NjUnF4KmRFH5h6l7uWdns6KzbJQT57j1IhvqZ4mQb7sdpSBzomEd+er94llKvpyc+KP4u4Cj1Mt/JtLcSHy37RrEiRlOUM8Fkl4an9g2F6J7Bk5q8QhNG1zKHZhIh7HGBMHHijVHGHj/G7z4Fi+nRWO2MIKPuaD6MiySQ8Pw6+zqcY=
HUxSkmbPrUh62VlOeWOrtm9KpL9Zp5qHYerqRzXGqBbz77/1/zWq86LdzI5ZyMZyGHxvjgSh0BR0raj1IRVxK1VqNGUYXnsxBxx2ZNtEnNwuB4roCuawu+ewmNbtLf2zoLCZaafjbmTxZYk83edg3o+cS3KtsdXgnW8WG9CltqnB
XbTLt39AhjkdBabOD2+eTVMlIBR5ddq5svtXXJhtABOQDQ7yaoTBFvv/p5WXRdKz8o5kLuF4TvKQjJdu7HEI1EydgNU5BXkrXXosRTBuQ/HfzJ6EI7QUXKa3Mkiituj7n8DwtvU99bOooIGJTxOWpCm1IZxlV+heB+wzEsXhjaClXz47yLW+qck=
efObpXr8d70d4gvN4z/aRbwwtK5w/6ik0i3D6D1bOiNocl+VYJpRaAspPeMU6XnOwy66ciLbcNKVRUqCSZct8xUdf9CmLZzp2Qro4lKqjFW343Dxmmr/b3eq+UtCuGUjSt3Rv576D+gzv2ni+kvycUfFmyORqSCRTyvC1tObBRZTL99133VK8wwfow55iCZyuLwPDiThMBTUbch1AVWRK7UqFOV4ntsx51xW5LuEPNzOR6poaiYQuwfwuFaN7V2zAPB56YcjDmRRJWm8/ScA3i/cq/KNcbXgPS/2m/Bl1qmh
7UW4dwY8zGc0b+cMLF5tM7TDD4gD7B8nQKt29KRpBGTcnXIEp2P8SVu+EpKaq7gS3RWSoiGn1fNtLZfw/v1UqZH6UIL6OhTVL3MYUWLat6+/+qGrashdI3Kt+V/Gqscoew+RQpLbavHfVTNDKVlo0Yf7mvY7q30Wqx+3VQclAjPDaRvu0Ri+8iAs565cUfhUnL0QFSmlqSuN2jyFoE6TcS/sLkRTFKRcVtcCiNJW2HtPoGB25d2ls3jAkcnf88YkGdXR3FW3mF63TMNSdcH9IPV/rnvYFe6pmQ==
HePVhQ1ZviBgmB8+n9w1hOOVmmoBJ1mCwis8sdal4PbvXGBt/8J1s5PubzZEIeLLzRH/Ub/xDZYxGUoOhdq2cg180fpT7VsgMwiiVKaJwomOvLoR14es7VdzyTxrLuu06JchfVhc+e6W3Si2SrMM35U5vH/wh2MeKiOKkDPCU2ESGg3ixWmMOM8CUJDJby5eLtgG+IfCGETVjWeNm6mp4A==
BLJt1MN4fYxYWGNtx1dJ10IJ9qiC1V62Xkmzq7YezIWumeDy51BweefeVde7Al9CfN2ijwXdrwVnLW0y2bU6un1mNvaF8EFuy3H7xJtkEqAe9QJNxvBqxY/bTMk/XzkIExLrsOCbMWlAQNmKvjEYwnJPTJtd9ewrKFsDusKP+iTLftPlmpaddl31LNxnbuBkcRPummaU1izfnvhgvaGXueOVqeQ=
wSRxZFnUF/iQnKrWfXiMp+zkgRUE7WHFOeDpB9k6m1AAIB5gc2XT9PRhod1eIZnT9wJqMh6XTht40cL1qzMeRh+TwZYXJ5Plg20uE23h3/71QCKyPHQDPphZFDRw9RRlzd1VK3Gi2PWkBn8Rw+Tq1LdMuBzKjyaYFt50W2Po5MbB5RkzxPi1eVs76gS1XZXMcW8EnquUp8IxyZHAmbeqi7ztkqnl
MldH9hregBvdKfHZIwMSXns7SeOYinzjK6ZccY5RiB/Un6Kf4PDjTnhz2yhFxa8sJ3iQ+4JtIaOH7zt7nQCte+LgMaB2tEEuCSQ3x6sWTwqqWrKT4u+iToJvE038u4vRoZKflGsyZAW54/w2SRgqn+B4Huns+fkLREH0jXMINsGi/gc4EyfeyFW8IcP8jjOA2B5d9Y64gqq+BsOIyJKJr4+j75Op5g==
qM+GpeDpiSLY+87Glfn3CWuo6Zlg9sDpvPzXueuyQLV146XzNqqqNlhZN5Z/d1sFO/1205Tdx549sIoyVMTLHoApLPSoZWzFBQ19K1lyEFXclqfR+5Ty9H/80Jxif+74Du6Mmzt4XCYJtXEzLCj9GeOrMkTNbY0sOR+sHkMk7+IpOamAwSdSK/S9uqnN
S/3hpRLdvqizDdMtjYxFJvqAhOXohiQhQr2WVPLmzzuxpytTv8q2Wl0EcXKjNRtPIjFCnBYRQiFeRJoZp99sBcfLqXRbNuucuO+B9aiEuYaG5ch++iuMd0XBnHeA36P2upvq2APaU0lCYq1qNbHMUN86sFh59672/iAm8Pea2KxFNQfFq7GpyA==
OnQbOFXCRtgErqnsCdUFP4v68W/98WpjgtI2LjVoITb7aTtYKj1yuC4tgpX26AqdP0OM0Q8HWZCjyutoUANRMXBYGRIOaXjaQpfMQ23tjHOYw8Oi8teavHum0z0qDv0ube3sRNc2gHxBy25CVoy2dG8GOHiN+fchU02pPA==
LdAk8M5gdi1lPujlNEajWlNZ4ZiKEgDgs1aJm82dnVGw47bcwIZr/PxSIkhdRsZlCsSuSUod0+GLq6+exo36uqHh3di0rOlwpvwUM7jgCOKqq/3U+r6fWYfz2sTrAcWH9PRr4Qu0b1PafjUo+bpvdQ8wR4v08yJRTKk7
isgEphwlQR/Q+bSw8iqUPYn68X7/525jgtI2LjVoITb7aTtWKj1yuC4tgpX26AqdP0OM0Q8HWZCjyutoUANRMXBYGRIOaXjaQpfMQ23tjHOYw8Oi8teavHum0z0qDv0ube3sRNc2gHxBy25CVoy2dG8GOHiN+fchU02pPA==
QgBB3P6VTgVAUlVzerxGM1NZ546WDwDgs1aJm82dnVGw47jcwIZr/PxSIkhdRsZlCsSuSUod0+GLq6+exo36uqHh3di0rOlwpvwUM7jgCOKqq/3U+r6fWYfz2sTrAcWH9PRr4Qu0b1PafjUo+bpvdQ8wR4v08yJRTKk7
xRqoR/r8hW2x1YK/pePTJFNZ5piECgDgs1aJm82dnVGw47HdwIZr/PxSIkhdRsZlCsSuSUod0+GLq6+exo36uqHh3di0rOlwpvwUM7jgCOKqq/3U+r6fWYfz2sTrAcWH9PRr4Qu0b1PafjUo+bpvdQ8wR4v08yJRTKk7
P8f4wTrccyVi72WbWDthVtG7alYX6DxJUSJcGRcKZnsS5Wt1AeFJUBRx/rQ1n8PYrWG9cDBrZXgysc72IwR2GMxX42W80zspAcrPvGsaNF0ZG0xeCTDap4AgzgFskanTpHmEpbPghrkCJtcQEw8OEPXEkSs8pkO4OMYNnQ9QVfLePjOgiPo5Vy/7v7upzg==
C5aRLmd8CRZclZetZqapMt6n7qWHHbSIT6LUPngYFo+e463ktkO8AcbGqwZ4bPfqFDo7y4u9hqcYEmY+Pj1ScP7FAn0mICqVLyvMuZ+P+VhzIuuAgMvxueAwWXoeYVgSkn9Mq70lrHuIq4PKYl86dKtO09X6xl2m/YWsLMc+oLSRIu6qgUSWfH9ueBAdcVfpg6Wp1A==
HMf+RH6oE+csHKmLKcrKpDe4rV5m8pb8orLIbox/rYWCMODaz9PneAQRAMwk5A1PdXXF0BdJdXD7BVab8Z886FogMj9aZsqvIlPa8nLTa/EcB/PtUa7nqGsOHDlJ34SKqaRSIxDEZlUsxYE3tH2MsZM0Tn1SQn+Ek5umdKUAWf8csku8KCIlyE4E/RZOurs0KC7xk3+fl6+p2g==
ZzkQSjowb7+ikqZVGjbfZTT2+FW7pmre2fVRTaACL1wk9Cthy7Qv0xR+da85uq/1TzCHC7Tz4tEMqXs=
RoaCWGfsYGQODuK0HsUQ3oYgOMJxdxrhIlhu8h+NTGC/inBoGUmuRpkQ5kCXqlicJYXH9csBqXg=
YI954o+6gfnc4966P3Nf9t8Te6SIm5Pv48bEmKqczxmrh1ehzu8Aen3jkiEH2zBcmMX2WteS5YJkNtdUKJL2oKG2Kr3eZBrx5k2Pif+r2/aa3VYCFUEJAFhcFZhyPMCbBFCkuv7LiayW7sPxM3NubDfRKX8AFL85pwTT+4A+YUeFygMtW5DzM1gj/rm4qc8=
1McbPCtyW/fK/g0HyVgtvjg7SLjITHkZYn8sfE/S2xBjAyfbRCyX/QsiO9O6senhKMqh74xlMuhOXYLllrhKzZ/zDGGv15lAQzrrmLDTkeHQ6Jmirjk4iiLnzDMNvcwjOHNDElIHWmybVtPNyt49/s1dbPR3ZsAsIbVuMjHc9iTPtrjILSk38bO9qcw=
1bkpJjAliDUHncrLXohiNKygROnRO+9fsFSGcrOEj7ewyFUohsZht1PPKj2o2KtAlWuRs3OcxJZB4EnFmh7evOJ39r4lcjG06L465dydiRU4Dx37hUyKmVBd7UboxW31u/7egOTovKniw4BlD9ZFX46BFmvF6T7yZbqjcx7ji4Gct9MdET5H+GtevKkJL6Q6KdSyE1BUBoUslWGndE3sQROEbg2S0t9Uk0sG5GVweU+cQiuM6LLFnkvUnIYOiltEqJ7RYz8PN/+pig==
Wpah4HLtKVJdUNxpYd0IS9G7alYX6DxJUSJcGRcKZnsS5Wt1AeFJUBRx/rQ1n8PYrWG9cDBrZXgysc72IwR2GMxX42W80zspAcrPvGsaNF0ZG0xeCTDap4AgzgFskanTpHmEpbPghrkCJtcQEw8OEPXEkSs8pkO4OMYNmAtQVPLePjOgiPo5Vy/7v7upzg==
le5KW6wJcm8U2s3T6WlcRNG7alYX6DxJUSJcGRcKZnsS5Wt1AeFJUBRx/rQ1n8PYrWG9cDBrZXgysc72IwR2GMxX42W80zspAcrPvGsaNF0ZG0xeCTDap4AgzgFskanTpHmEpbPghrkCJtcQEw8OEPXEkSs8pkO4OMYNnQpQVPLePjOgiPo5Vy/7v7upzg==
woXMN/gReBsKo4L17bgwFNG7alYX6DxJUSJcGRcKZnsS5Wt1AeFJUBRx/rQ1n8PYrWG9cDBrZXgysc72IwR2GMxX42W80zspAcrPvGsaNF0ZG0xeCTDap4AgzgFskanTpHmEpbPghrkCJtcQEw8OEPXEkSs8pkO4OMYNmQhQVPLePjOgiPo5Vy/7v7upzg==
rK+qkkai6/UA9Cd8ndA15dG7alYX6DxJUSJcGRcKZnsS5Wt1AeFJUBRx/rQ1n8PYrWG9cDBrZXgysc72IwR2GMxX42W80zspAcrPvGsaNF0ZG0xeCTDap4AgzgFskanTpHmEpbPghrkCJtcQEw8OEPXEkSs8pkO4OMYNkg9QVPLePjOgiPo5Vy/7v7upzg==
k4UZ1lBnsET2joS5oHf+4dG7alYX6DxJUSJcGRcKZnsS5Wt1AeFJUBRx/rQ1n8PYrWG9cDBrZXgysc72IwR2GMxX42W80zspAcrPvGsaNF0ZG0xeCTDap4AgzgFskanTpHmEpbPghrkCJtcQEw8OEPXEkSs8pkO4OMYNmQtQV/LePjOgiPo5Vy/7v7upzg==
clj2vbO/KGtbYTW6LXv0PdG7alYX6DxJUSJcGRcKZnsS5Wt1AeFJUBRx/rQ1n8PYrWG9cDBrZXgysc72IwR2GMxX42W80zspAcrPvGsaNF0ZG0xeCTDap4AgzgFskanTpHmEpbPghrkCJtcQEw8OEPXEkSs8pkO4OMYNkgpQV/LePjOgiPo5Vy/7v7upzg==
